Watching for file changes with StatReloader
Method Not Allowed (GET): /api/multiWdgCalculator/
[25/May/2026 15:08:11] "GET / HTTP/1.1" 200 27
[25/May/2026 15:08:11] "GET /api/multiWdgCalculator/ HTTP/1.1" 405 0
[25/May/2026 15:08:12,006] - Broken pipe from ('127.0.0.1', 52474)
[25/May/2026 15:08:12,367] - Broken pipe from ('127.0.0.1', 52475)
[25/May/2026 15:08:34] "POST /api/multiWdgCalculator/ HTTP/1.1" 200 14187
D:\krish_trafo\multiWdg_backend\api\services\circWdgService.py changed, reloading.
Watching for file changes with StatReloader
[25/May/2026 15:30:57] "POST /api/multiWdgCalculator/ HTTP/1.1" 200 13996
D:\krish_trafo\multiWdg_backend\api\services\_windingServiceSupport.py changed, reloading.
Watching for file changes with StatReloader
[26/May/2026 09:42:07] "POST /api/multiWdgCalculator/ HTTP/1.1" 200 13937
D:\krish_trafo\multiWdg_backend\api\services\_windingServiceSupport.py changed, reloading.
Watching for file changes with StatReloader
D:\krish_trafo\multiWdg_backend\api\services\_windingServiceSupport.py changed, reloading.
Watching for file changes with StatReloader
D:\krish_trafo\multiWdg_backend\api\services\hvWindingService.py changed, reloading.
Watching for file changes with StatReloader
D:\krish_trafo\multiWdg_backend\api\services\_windingServiceSupport.py changed, reloading.
Watching for file changes with StatReloader
D:\krish_trafo\multiWdg_backend\api\services\_windingServiceSupport.py changed, reloading.
Watching for file changes with StatReloader
D:\krish_trafo\multiWdg_backend\api\services\_windingServiceSupport.py changed, reloading.
Watching for file changes with StatReloader
D:\krish_trafo\multiWdg_backend\api\services\hvWindingService.py changed, reloading.
Watching for file changes with StatReloader
[26/May/2026 10:18:40] "POST /api/multiWdgCalculator/ HTTP/1.1" 200 13935
D:\krish_trafo\multiWdg_backend\api\services\_windingServiceSupport.py changed, reloading.
Watching for file changes with StatReloader
D:\krish_trafo\multiWdg_backend\api\services\_windingServiceSupport.py changed, reloading.
Watching for file changes with StatReloader
D:\krish_trafo\multiWdg_backend\api\services\hvWindingService.py changed, reloading.
Watching for file changes with StatReloader
D:\krish_trafo\multiWdg_backend\api\services\_windingServiceSupport.py changed, reloading.
Watching for file changes with StatReloader
D:\krish_trafo\multiWdg_backend\api\services\_windingServiceSupport.py changed, reloading.
Watching for file changes with StatReloader
D:\krish_trafo\multiWdg_backend\api\services\hvWindingService.py changed, reloading.
Watching for file changes with StatReloader
[26/May/2026 10:30:39] "POST /api/multiWdgCalculator/ HTTP/1.1" 200 13998
D:\krish_trafo\multiWdg_backend\api\services\hvWindingService.py changed, reloading.
Watching for file changes with StatReloader
D:\krish_trafo\multiWdg_backend\api\services\_windingServiceSupport.py changed, reloading.
Watching for file changes with StatReloader
D:\krish_trafo\multiWdg_backend\api\services\circWdgService.py changed, reloading.
Watching for file changes with StatReloader
[26/May/2026 10:34:43] "POST /api/multiWdgCalculator/ HTTP/1.1" 200 14016
